
> super-app-mobile@1.0.0 test C:\Users\maidn\WebstormProjects\app-lite-v2\packages\mobile
> jest --config ./jest.config.js --coverage "PublicProfileScreen.test.tsx"

  console.error
    react-test-renderer is deprecated. See https://react.dev/warnings/react-test-renderer

    [0m [90m 80 |[39m     (getPublicProfile [36mas[39m jest[33m.[39m[33mMock[39m)[33m.[39mmockReturnValue([36mnew[39m [33mPromise[39m(() [33m=>[39m {}))[33m;[39m [90m// Nunca resolve para testar estado inicial[39m
     [90m 81 |[39m
    [31m[1m>[22m[39m[90m 82 |[39m     render(
     [90m    |[39m           [31m[1m^[22m[39m
     [90m 83 |[39m       [33m<[39m[33mPublicProfileScreen[39m route[33m=[39m{mockRoute} navigation[33m=[39m{mockNavigation} [33m/[39m[33m>[39m
     [90m 84 |[39m     )[33m;[39m
     [90m 85 |[39m[0m

      at Object.<anonymous>.process.env.NODE_ENV.exports.create (../../node_modules/.pnpm/react-test-renderer@19.0.0_react@19.1.0/node_modules/react-test-renderer/cjs/react-test-renderer.development.js:14382:17)
      at create (../../node_modules/.pnpm/@testing-library+react-nati_f31f8682c0caf535b1bcee38b15061fa/node_modules/@testing-library/react-native/src/render-act.ts:14:29)
      at callback (../../node_modules/.pnpm/@testing-library+react-nati_f31f8682c0caf535b1bcee38b15061fa/node_modules/@testing-library/react-native/src/act.ts:31:24)
      at Object.<anonymous>.process.env.NODE_ENV.exports.act (../../node_modules/.pnpm/react@19.1.0/node_modules/react/cjs/react.development.js:789:22)
      at actImplementation (../../node_modules/.pnpm/@testing-library+react-nati_f31f8682c0caf535b1bcee38b15061fa/node_modules/@testing-library/react-native/src/act.ts:30:25)
      at renderWithAct (../../node_modules/.pnpm/@testing-library+react-nati_f31f8682c0caf535b1bcee38b15061fa/node_modules/@testing-library/react-native/src/render-act.ts:12:11)
      at detectHostComponentNames (../../node_modules/.pnpm/@testing-library+react-nati_f31f8682c0caf535b1bcee38b15061fa/node_modules/@testing-library/react-native/src/helpers/host-component-names.tsx:33:35)
      at detectHostComponentNames (../../node_modules/.pnpm/@testing-library+react-nati_f31f8682c0caf535b1bcee38b15061fa/node_modules/@testing-library/react-native/src/helpers/host-component-names.tsx:27:30)
      at renderInternal (../../node_modules/.pnpm/@testing-library+react-nati_f31f8682c0caf535b1bcee38b15061fa/node_modules/@testing-library/react-native/src/render.tsx:70:40)
      at renderInternal (../../node_modules/.pnpm/@testing-library+react-nati_f31f8682c0caf535b1bcee38b15061fa/node_modules/@testing-library/react-native/src/render.tsx:44:10)
      at Object.<anonymous> (src/screens/app/__tests__/PublicProfileScreen.test.tsx:82:11)

  console.error
    react-test-renderer is deprecated. See https://react.dev/warnings/react-test-renderer

    [0m [90m 80 |[39m     (getPublicProfile [36mas[39m jest[33m.[39m[33mMock[39m)[33m.[39mmockReturnValue([36mnew[39m [33mPromise[39m(() [33m=>[39m {}))[33m;[39m [90m// Nunca resolve para testar estado inicial[39m
     [90m 81 |[39m
    [31m[1m>[22m[39m[90m 82 |[39m     render(
     [90m    |[39m           [31m[1m^[22m[39m
     [90m 83 |[39m       [33m<[39m[33mPublicProfileScreen[39m route[33m=[39m{mockRoute} navigation[33m=[39m{mockNavigation} [33m/[39m[33m>[39m
     [90m 84 |[39m     )[33m;[39m
     [90m 85 |[39m[0m

      at Object.<anonymous>.process.env.NODE_ENV.exports.create (../../node_modules/.pnpm/react-test-renderer@19.0.0_react@19.1.0/node_modules/react-test-renderer/cjs/react-test-renderer.development.js:14382:17)
      at create (../../node_modules/.pnpm/@testing-library+react-nati_f31f8682c0caf535b1bcee38b15061fa/node_modules/@testing-library/react-native/src/render-act.ts:14:29)
      at callback (../../node_modules/.pnpm/@testing-library+react-nati_f31f8682c0caf535b1bcee38b15061fa/node_modules/@testing-library/react-native/src/act.ts:31:24)
      at Object.<anonymous>.process.env.NODE_ENV.exports.act (../../node_modules/.pnpm/react@19.1.0/node_modules/react/cjs/react.development.js:789:22)
      at actImplementation (../../node_modules/.pnpm/@testing-library+react-nati_f31f8682c0caf535b1bcee38b15061fa/node_modules/@testing-library/react-native/src/act.ts:30:25)
      at renderWithAct (../../node_modules/.pnpm/@testing-library+react-nati_f31f8682c0caf535b1bcee38b15061fa/node_modules/@testing-library/react-native/src/render-act.ts:12:11)
      at renderInternal (../../node_modules/.pnpm/@testing-library+react-nati_f31f8682c0caf535b1bcee38b15061fa/node_modules/@testing-library/react-native/src/render.tsx:81:33)
      at renderInternal (../../node_modules/.pnpm/@testing-library+react-nati_f31f8682c0caf535b1bcee38b15061fa/node_modules/@testing-library/react-native/src/render.tsx:44:10)
      at Object.<anonymous> (src/screens/app/__tests__/PublicProfileScreen.test.tsx:82:11)

  console.error
    react-test-renderer is deprecated. See https://react.dev/warnings/react-test-renderer

    [0m [90m 100 |[39m     (getPublicProfile [36mas[39m jest[33m.[39m[33mMock[39m)[33m.[39mmockResolvedValue(updatedProfile)[33m;[39m
     [90m 101 |[39m
    [31m[1m>[22m[39m[90m 102 |[39m     [36mconst[39m { getByText[33m,[39m queryByText } [33m=[39m render(
     [90m     |[39m                                              [31m[1m^[22m[39m
     [90m 103 |[39m       [33m<[39m[33mPublicProfileScreen[39m route[33m=[39m{mockRoute} navigation[33m=[39m{mockNavigation} [33m/[39m[33m>[39m
     [90m 104 |[39m     )[33m;[39m
     [90m 105 |[39m[0m

      at Object.<anonymous>.process.env.NODE_ENV.exports.create (../../node_modules/.pnpm/react-test-renderer@19.0.0_react@19.1.0/node_modules/react-test-renderer/cjs/react-test-renderer.development.js:14382:17)
      at create (../../node_modules/.pnpm/@testing-library+react-nati_f31f8682c0caf535b1bcee38b15061fa/node_modules/@testing-library/react-native/src/render-act.ts:14:29)
      at callback (../../node_modules/.pnpm/@testing-library+react-nati_f31f8682c0caf535b1bcee38b15061fa/node_modules/@testing-library/react-native/src/act.ts:31:24)
      at Object.<anonymous>.process.env.NODE_ENV.exports.act (../../node_modules/.pnpm/react@19.1.0/node_modules/react/cjs/react.development.js:789:22)
      at actImplementation (../../node_modules/.pnpm/@testing-library+react-nati_f31f8682c0caf535b1bcee38b15061fa/node_modules/@testing-library/react-native/src/act.ts:30:25)
      at renderWithAct (../../node_modules/.pnpm/@testing-library+react-nati_f31f8682c0caf535b1bcee38b15061fa/node_modules/@testing-library/react-native/src/render-act.ts:12:11)
      at renderInternal (../../node_modules/.pnpm/@testing-library+react-nati_f31f8682c0caf535b1bcee38b15061fa/node_modules/@testing-library/react-native/src/render.tsx:81:33)
      at renderInternal (../../node_modules/.pnpm/@testing-library+react-nati_f31f8682c0caf535b1bcee38b15061fa/node_modules/@testing-library/react-native/src/render.tsx:44:10)
      at Object.<anonymous> (src/screens/app/__tests__/PublicProfileScreen.test.tsx:102:46)
      at asyncGeneratorStep (../../node_modules/.pnpm/@babel+runtime@7.28.6/node_modules/@babel/runtime/helpers/asyncToGenerator.js:3:17)
      at _next (../../node_modules/.pnpm/@babel+runtime@7.28.6/node_modules/@babel/runtime/helpers/asyncToGenerator.js:17:9)
      at ../../node_modules/.pnpm/@babel+runtime@7.28.6/node_modules/@babel/runtime/helpers/asyncToGenerator.js:22:7
      at Object.<anonymous> (../../node_modules/.pnpm/@babel+runtime@7.28.6/node_modules/@babel/runtime/helpers/asyncToGenerator.js:14:12)

  console.error
    react-test-renderer is deprecated. See https://react.dev/warnings/react-test-renderer

    [0m [90m 119 |[39m     (getPublicProfile [36mas[39m jest[33m.[39m[33mMock[39m)[33m.[39mmockRejectedValue([36mnew[39m [33mError[39m([32m'API Error'[39m))[33m;[39m
     [90m 120 |[39m
    [31m[1m>[22m[39m[90m 121 |[39m     [36mconst[39m { getByText } [33m=[39m render(
     [90m     |[39m                                 [31m[1m^[22m[39m
     [90m 122 |[39m       [33m<[39m[33mPublicProfileScreen[39m route[33m=[39m{mockRoute} navigation[33m=[39m{mockNavigation} [33m/[39m[33m>[39m
     [90m 123 |[39m     )[33m;[39m
     [90m 124 |[39m[0m

      at Object.<anonymous>.process.env.NODE_ENV.exports.create (../../node_modules/.pnpm/react-test-renderer@19.0.0_react@19.1.0/node_modules/react-test-renderer/cjs/react-test-renderer.development.js:14382:17)
      at create (../../node_modules/.pnpm/@testing-library+react-nati_f31f8682c0caf535b1bcee38b15061fa/node_modules/@testing-library/react-native/src/render-act.ts:14:29)
      at callback (../../node_modules/.pnpm/@testing-library+react-nati_f31f8682c0caf535b1bcee38b15061fa/node_modules/@testing-library/react-native/src/act.ts:31:24)
      at Object.<anonymous>.process.env.NODE_ENV.exports.act (../../node_modules/.pnpm/react@19.1.0/node_modules/react/cjs/react.development.js:789:22)
      at actImplementation (../../node_modules/.pnpm/@testing-library+react-nati_f31f8682c0caf535b1bcee38b15061fa/node_modules/@testing-library/react-native/src/act.ts:30:25)
      at renderWithAct (../../node_modules/.pnpm/@testing-library+react-nati_f31f8682c0caf535b1bcee38b15061fa/node_modules/@testing-library/react-native/src/render-act.ts:12:11)
      at renderInternal (../../node_modules/.pnpm/@testing-library+react-nati_f31f8682c0caf535b1bcee38b15061fa/node_modules/@testing-library/react-native/src/render.tsx:81:33)
      at renderInternal (../../node_modules/.pnpm/@testing-library+react-nati_f31f8682c0caf535b1bcee38b15061fa/node_modules/@testing-library/react-native/src/render.tsx:44:10)
      at Object.<anonymous> (src/screens/app/__tests__/PublicProfileScreen.test.tsx:121:33)
      at asyncGeneratorStep (../../node_modules/.pnpm/@babel+runtime@7.28.6/node_modules/@babel/runtime/helpers/asyncToGenerator.js:3:17)
      at _next (../../node_modules/.pnpm/@babel+runtime@7.28.6/node_modules/@babel/runtime/helpers/asyncToGenerator.js:17:9)
      at ../../node_modules/.pnpm/@babel+runtime@7.28.6/node_modules/@babel/runtime/helpers/asyncToGenerator.js:22:7
      at Object.<anonymous> (../../node_modules/.pnpm/@babel+runtime@7.28.6/node_modules/@babel/runtime/helpers/asyncToGenerator.js:14:12)

  console.error
    react-test-renderer is deprecated. See https://react.dev/warnings/react-test-renderer

    [0m [90m 145 |[39m     (getPublicProfile [36mas[39m jest[33m.[39m[33mMock[39m)[33m.[39mmockReturnValue([36mnew[39m [33mPromise[39m(() [33m=>[39m {}))[33m;[39m
     [90m 146 |[39m
    [31m[1m>[22m[39m[90m 147 |[39m     [36mconst[39m { getByText } [33m=[39m render(
     [90m     |[39m                                 [31m[1m^[22m[39m
     [90m 148 |[39m       [33m<[39m[33mPublicProfileScreen[39m route[33m=[39m{routeSemTelefone} navigation[33m=[39m{mockNavigation} [33m/[39m[33m>[39m
     [90m 149 |[39m     )[33m;[39m
     [90m 150 |[39m[0m

      at Object.<anonymous>.process.env.NODE_ENV.exports.create (../../node_modules/.pnpm/react-test-renderer@19.0.0_react@19.1.0/node_modules/react-test-renderer/cjs/react-test-renderer.development.js:14382:17)
      at create (../../node_modules/.pnpm/@testing-library+react-nati_f31f8682c0caf535b1bcee38b15061fa/node_modules/@testing-library/react-native/src/render-act.ts:14:29)
      at callback (../../node_modules/.pnpm/@testing-library+react-nati_f31f8682c0caf535b1bcee38b15061fa/node_modules/@testing-library/react-native/src/act.ts:31:24)
      at Object.<anonymous>.process.env.NODE_ENV.exports.act (../../node_modules/.pnpm/react@19.1.0/node_modules/react/cjs/react.development.js:789:22)
      at actImplementation (../../node_modules/.pnpm/@testing-library+react-nati_f31f8682c0caf535b1bcee38b15061fa/node_modules/@testing-library/react-native/src/act.ts:30:25)
      at renderWithAct (../../node_modules/.pnpm/@testing-library+react-nati_f31f8682c0caf535b1bcee38b15061fa/node_modules/@testing-library/react-native/src/render-act.ts:12:11)
      at renderInternal (../../node_modules/.pnpm/@testing-library+react-nati_f31f8682c0caf535b1bcee38b15061fa/node_modules/@testing-library/react-native/src/render.tsx:81:33)
      at renderInternal (../../node_modules/.pnpm/@testing-library+react-nati_f31f8682c0caf535b1bcee38b15061fa/node_modules/@testing-library/react-native/src/render.tsx:44:10)
      at Object.<anonymous> (src/screens/app/__tests__/PublicProfileScreen.test.tsx:147:33)

node.exe : FAIL src/screens/app/__tests__/PublicProfileScreen.test.tsx
No C:\Program Files\nodejs\pnpm.ps1:16 caractere:5
+     & "$basedir/node$exe"  "$basedir/node_modules/corepack/dist/pnpm. ...
+     ~~~~~~~~~~~~~~~~~~~~~~~~~~~~~~~~~~~~~~~~~~~~~~~~~~~~~~~~~~~~~~~~~
    + CategoryInfo          : NotSpecified: (FAIL src/screen...Screen.test.tsx 
   :String) [], RemoteException
    + FullyQualifiedErrorId : NativeCommandError
 
  PublicProfileScreen - Disponibilidade de Telefone
    × deve exibir o telefone formatado vindo dos parâmetros iniciais (151 ms)
    × deve atualizar o telefone quando os dados enriquecidos da API retornarem 
(27 ms)
    × deve manter o telefone original se a chamada da API falhar (13 ms)
    × deve exibir "Telefone não disponível" se o telefone for nulo ou vazio 
(12 ms)

  ● PublicProfileScreen - Disponibilidade de Telefone › deve exibir o telefone 
formatado vindo dos parâmetros iniciais

    TypeError: Cannot read properties of undefined (reading 'Item')

    [0m [90m 101 |[39m     [33m<[39m[33m>[39m
     [90m 102 |[39m       [33m<[39m[33mMenu[39m 
visible[33m=[39m{visible} onDismiss[33m=[39m{onDismiss} 
anchor[33m=[39m{anchor}[33m>[39m
    [31m[1m>[22m[39m[90m 103 |[39m         
[33m<[39m[33mList[39m[33m.[39m[33mItem[39m
     [90m     |[39m               [31m[1m^[22m[39m
     [90m 104 |[39m           title[33m=[39m[32m"Compartilhar perfil"[39m
     [90m 105 |[39m           left[33m=[39m{(props) [33m=>[39m 
[33m<[39m[33mList[39m[33m.[39m[33mIcon[39m {[33m...[39mprops} 
icon[33m=[39m[32m"share-variant"[39m [33m/[39m[33m>[39m}
     [90m 106 |[39m           onPress[33m=[39m{onShare}[0m

      at Item (src/components/profile/ProfileMoreMenu.tsx:103:15)
      at Object.react-stack-bottom-frame (../../node_modules/.pnpm/react-test-r
enderer@19.0.0_react@19.1.0/node_modules/react-test-renderer/cjs/react-test-ren
derer.development.js:12679:20)
      at renderWithHooks (../../node_modules/.pnpm/react-test-renderer@19.0.0_r
eact@19.1.0/node_modules/react-test-renderer/cjs/react-test-renderer.developmen
t.js:3622:25)
      at updateFunctionComponent (../../node_modules/.pnpm/react-test-renderer@
19.0.0_react@19.1.0/node_modules/react-test-renderer/cjs/react-test-renderer.de
velopment.js:5635:19)
      at beginWork (../../node_modules/.pnpm/react-test-renderer@19.0.0_react@1
9.1.0/node_modules/react-test-renderer/cjs/react-test-renderer.development.js:7
086:18)
      at runWithFiberInDEV (../../node_modules/.pnpm/react-test-renderer@19.0.0
_react@19.1.0/node_modules/react-test-renderer/cjs/react-test-renderer.developm
ent.js:540:16)
      at performUnitOfWork (../../node_modules/.pnpm/react-test-renderer@19.0.0
_react@19.1.0/node_modules/react-test-renderer/cjs/react-test-renderer.developm
ent.js:10925:22)
      at workLoopSync (../../node_modules/.pnpm/react-test-renderer@19.0.0_reac
t@19.1.0/node_modules/react-test-renderer/cjs/react-test-renderer.development.j
s:10763:41)
      at renderRootSync (../../node_modules/.pnpm/react-test-renderer@19.0.0_re
act@19.1.0/node_modules/react-test-renderer/cjs/react-test-renderer.development
.js:10744:11)
      at performWorkOnRoot (../../node_modules/.pnpm/react-test-renderer@19.0.0
_react@19.1.0/node_modules/react-test-renderer/cjs/react-test-renderer.developm
ent.js:10299:39)
      at performWorkOnRootViaSchedulerTask (../../node_modules/.pnpm/react-test
-renderer@19.0.0_react@19.1.0/node_modules/react-test-renderer/cjs/react-test-r
enderer.development.js:1879:7)
      at flushActQueue (../../node_modules/.pnpm/react@19.1.0/node_modules/reac
t/cjs/react.development.js:566:34)
      at Object.<anonymous>.process.env.NODE_ENV.exports.act (../../node_module
s/.pnpm/react@19.1.0/node_modules/react/cjs/react.development.js:859:10)
      at actImplementation (../../node_modules/.pnpm/@testing-library+react-nat
i_f31f8682c0caf535b1bcee38b15061fa/node_modules/@testing-library/react-native/s
rc/act.ts:30:25)
      at renderWithAct (../../node_modules/.pnpm/@testing-library+react-nati_f3
1f8682c0caf535b1bcee38b15061fa/node_modules/@testing-library/react-native/src/r
ender-act.ts:12:11)
      at renderInternal (../../node_modules/.pnpm/@testing-library+react-nati_f
31f8682c0caf535b1bcee38b15061fa/node_modules/@testing-library/react-native/src/
render.tsx:81:33)
      at renderInternal (../../node_modules/.pnpm/@testing-library+react-nati_f
31f8682c0caf535b1bcee38b15061fa/node_modules/@testing-library/react-native/src/
render.tsx:44:10)
      at Object.<anonymous> 
(src/screens/app/__tests__/PublicProfileScreen.test.tsx:82:11)

  ● PublicProfileScreen - Disponibilidade de Telefone › deve atualizar o 
telefone quando os dados enriquecidos da API retornarem

    TypeError: Cannot read properties of undefined (reading 'Item')

    [0m [90m 101 |[39m     [33m<[39m[33m>[39m
     [90m 102 |[39m       [33m<[39m[33mMenu[39m 
visible[33m=[39m{visible} onDismiss[33m=[39m{onDismiss} 
anchor[33m=[39m{anchor}[33m>[39m
    [31m[1m>[22m[39m[90m 103 |[39m         
[33m<[39m[33mList[39m[33m.[39m[33mItem[39m
     [90m     |[39m               [31m[1m^[22m[39m
     [90m 104 |[39m           title[33m=[39m[32m"Compartilhar perfil"[39m
     [90m 105 |[39m           left[33m=[39m{(props) [33m=>[39m 
[33m<[39m[33mList[39m[33m.[39m[33mIcon[39m {[33m...[39mprops} 
icon[33m=[39m[32m"share-variant"[39m [33m/[39m[33m>[39m}
     [90m 106 |[39m           onPress[33m=[39m{onShare}[0m

      at Item (src/components/profile/ProfileMoreMenu.tsx:103:15)
      at Object.react-stack-bottom-frame (../../node_modules/.pnpm/react-test-r
enderer@19.0.0_react@19.1.0/node_modules/react-test-renderer/cjs/react-test-ren
derer.development.js:12679:20)
      at renderWithHooks (../../node_modules/.pnpm/react-test-renderer@19.0.0_r
eact@19.1.0/node_modules/react-test-renderer/cjs/react-test-renderer.developmen
t.js:3622:25)
      at updateFunctionComponent (../../node_modules/.pnpm/react-test-renderer@
19.0.0_react@19.1.0/node_modules/react-test-renderer/cjs/react-test-renderer.de
velopment.js:5635:19)
      at beginWork (../../node_modules/.pnpm/react-test-renderer@19.0.0_react@1
9.1.0/node_modules/react-test-renderer/cjs/react-test-renderer.development.js:7
086:18)
      at runWithFiberInDEV (../../node_modules/.pnpm/react-test-renderer@19.0.0
_react@19.1.0/node_modules/react-test-renderer/cjs/react-test-renderer.developm
ent.js:540:16)
      at performUnitOfWork (../../node_modules/.pnpm/react-test-renderer@19.0.0
_react@19.1.0/node_modules/react-test-renderer/cjs/react-test-renderer.developm
ent.js:10925:22)
      at workLoopSync (../../node_modules/.pnpm/react-test-renderer@19.0.0_reac
t@19.1.0/node_modules/react-test-renderer/cjs/react-test-renderer.development.j
s:10763:41)
      at renderRootSync (../../node_modules/.pnpm/react-test-renderer@19.0.0_re
act@19.1.0/node_modules/react-test-renderer/cjs/react-test-renderer.development
.js:10744:11)
      at performWorkOnRoot (../../node_modules/.pnpm/react-test-renderer@19.0.0
_react@19.1.0/node_modules/react-test-renderer/cjs/react-test-renderer.developm
ent.js:10299:39)
      at performWorkOnRootViaSchedulerTask (../../node_modules/.pnpm/react-test
-renderer@19.0.0_react@19.1.0/node_modules/react-test-renderer/cjs/react-test-r
enderer.development.js:1879:7)
      at flushActQueue (../../node_modules/.pnpm/react@19.1.0/node_modules/reac
t/cjs/react.development.js:566:34)
      at Object.<anonymous>.process.env.NODE_ENV.exports.act (../../node_module
s/.pnpm/react@19.1.0/node_modules/react/cjs/react.development.js:859:10)
      at actImplementation (../../node_modules/.pnpm/@testing-library+react-nat
i_f31f8682c0caf535b1bcee38b15061fa/node_modules/@testing-library/react-native/s
rc/act.ts:30:25)
      at renderWithAct (../../node_modules/.pnpm/@testing-library+react-nati_f3
1f8682c0caf535b1bcee38b15061fa/node_modules/@testing-library/react-native/src/r
ender-act.ts:12:11)
      at renderInternal (../../node_modules/.pnpm/@testing-library+react-nati_f
31f8682c0caf535b1bcee38b15061fa/node_modules/@testing-library/react-native/src/
render.tsx:81:33)
      at renderInternal (../../node_modules/.pnpm/@testing-library+react-nati_f
31f8682c0caf535b1bcee38b15061fa/node_modules/@testing-library/react-native/src/
render.tsx:44:10)
      at Object.<anonymous> 
(src/screens/app/__tests__/PublicProfileScreen.test.tsx:102:46)
      at asyncGeneratorStep (../../node_modules/.pnpm/@babel+runtime@7.28.6/nod
e_modules/@babel/runtime/helpers/asyncToGenerator.js:3:17)
      at _next (../../node_modules/.pnpm/@babel+runtime@7.28.6/node_modules/@ba
bel/runtime/helpers/asyncToGenerator.js:17:9)
      at ../../node_modules/.pnpm/@babel+runtime@7.28.6/node_modules/@babel/run
time/helpers/asyncToGenerator.js:22:7
      at Object.<anonymous> (../../node_modules/.pnpm/@babel+runtime@7.28.6/nod
e_modules/@babel/runtime/helpers/asyncToGenerator.js:14:12)

  ● PublicProfileScreen - Disponibilidade de Telefone › deve manter o telefone 
original se a chamada da API falhar

    TypeError: Cannot read properties of undefined (reading 'Item')

    [0m [90m 101 |[39m     [33m<[39m[33m>[39m
     [90m 102 |[39m       [33m<[39m[33mMenu[39m 
visible[33m=[39m{visible} onDismiss[33m=[39m{onDismiss} 
anchor[33m=[39m{anchor}[33m>[39m
    [31m[1m>[22m[39m[90m 103 |[39m         
[33m<[39m[33mList[39m[33m.[39m[33mItem[39m
     [90m     |[39m               [31m[1m^[22m[39m
     [90m 104 |[39m           title[33m=[39m[32m"Compartilhar perfil"[39m
     [90m 105 |[39m           left[33m=[39m{(props) [33m=>[39m 
[33m<[39m[33mList[39m[33m.[39m[33mIcon[39m {[33m...[39mprops} 
icon[33m=[39m[32m"share-variant"[39m [33m/[39m[33m>[39m}
     [90m 106 |[39m           onPress[33m=[39m{onShare}[0m

      at Item (src/components/profile/ProfileMoreMenu.tsx:103:15)
      at Object.react-stack-bottom-frame (../../node_modules/.pnpm/react-test-r
enderer@19.0.0_react@19.1.0/node_modules/react-test-renderer/cjs/react-test-ren
derer.development.js:12679:20)
      at renderWithHooks (../../node_modules/.pnpm/react-test-renderer@19.0.0_r
eact@19.1.0/node_modules/react-test-renderer/cjs/react-test-renderer.developmen
t.js:3622:25)
      at updateFunctionComponent (../../node_modules/.pnpm/react-test-renderer@
19.0.0_react@19.1.0/node_modules/react-test-renderer/cjs/react-test-renderer.de
velopment.js:5635:19)
      at beginWork (../../node_modules/.pnpm/react-test-renderer@19.0.0_react@1
9.1.0/node_modules/react-test-renderer/cjs/react-test-renderer.development.js:7
086:18)
      at runWithFiberInDEV (../../node_modules/.pnpm/react-test-renderer@19.0.0
_react@19.1.0/node_modules/react-test-renderer/cjs/react-test-renderer.developm
ent.js:540:16)
      at performUnitOfWork (../../node_modules/.pnpm/react-test-renderer@19.0.0
_react@19.1.0/node_modules/react-test-renderer/cjs/react-test-renderer.developm
ent.js:10925:22)
      at workLoopSync (../../node_modules/.pnpm/react-test-renderer@19.0.0_reac
t@19.1.0/node_modules/react-test-renderer/cjs/react-test-renderer.development.j
s:10763:41)
      at renderRootSync (../../node_modules/.pnpm/react-test-renderer@19.0.0_re
act@19.1.0/node_modules/react-test-renderer/cjs/react-test-renderer.development
.js:10744:11)
      at performWorkOnRoot (../../node_modules/.pnpm/react-test-renderer@19.0.0
_react@19.1.0/node_modules/react-test-renderer/cjs/react-test-renderer.developm
ent.js:10299:39)
      at performWorkOnRootViaSchedulerTask (../../node_modules/.pnpm/react-test
-renderer@19.0.0_react@19.1.0/node_modules/react-test-renderer/cjs/react-test-r
enderer.development.js:1879:7)
      at flushActQueue (../../node_modules/.pnpm/react@19.1.0/node_modules/reac
t/cjs/react.development.js:566:34)
      at Object.<anonymous>.process.env.NODE_ENV.exports.act (../../node_module
s/.pnpm/react@19.1.0/node_modules/react/cjs/react.development.js:859:10)
      at actImplementation (../../node_modules/.pnpm/@testing-library+react-nat
i_f31f8682c0caf535b1bcee38b15061fa/node_modules/@testing-library/react-native/s
rc/act.ts:30:25)
      at renderWithAct (../../node_modules/.pnpm/@testing-library+react-nati_f3
1f8682c0caf535b1bcee38b15061fa/node_modules/@testing-library/react-native/src/r
ender-act.ts:12:11)
      at renderInternal (../../node_modules/.pnpm/@testing-library+react-nati_f
31f8682c0caf535b1bcee38b15061fa/node_modules/@testing-library/react-native/src/
render.tsx:81:33)
      at renderInternal (../../node_modules/.pnpm/@testing-library+react-nati_f
31f8682c0caf535b1bcee38b15061fa/node_modules/@testing-library/react-native/src/
render.tsx:44:10)
      at Object.<anonymous> 
(src/screens/app/__tests__/PublicProfileScreen.test.tsx:121:33)
      at asyncGeneratorStep (../../node_modules/.pnpm/@babel+runtime@7.28.6/nod
e_modules/@babel/runtime/helpers/asyncToGenerator.js:3:17)
      at _next (../../node_modules/.pnpm/@babel+runtime@7.28.6/node_modules/@ba
bel/runtime/helpers/asyncToGenerator.js:17:9)
      at ../../node_modules/.pnpm/@babel+runtime@7.28.6/node_modules/@babel/run
time/helpers/asyncToGenerator.js:22:7
      at Object.<anonymous> (../../node_modules/.pnpm/@babel+runtime@7.28.6/nod
e_modules/@babel/runtime/helpers/asyncToGenerator.js:14:12)

  ● PublicProfileScreen - Disponibilidade de Telefone › deve exibir "Telefone 
não disponível" se o telefone for nulo ou vazio

    TypeError: Cannot read properties of undefined (reading 'Item')

    [0m [90m 101 |[39m     [33m<[39m[33m>[39m
     [90m 102 |[39m       [33m<[39m[33mMenu[39m 
visible[33m=[39m{visible} onDismiss[33m=[39m{onDismiss} 
anchor[33m=[39m{anchor}[33m>[39m
    [31m[1m>[22m[39m[90m 103 |[39m         
[33m<[39m[33mList[39m[33m.[39m[33mItem[39m
     [90m     |[39m               [31m[1m^[22m[39m
     [90m 104 |[39m           title[33m=[39m[32m"Compartilhar perfil"[39m
     [90m 105 |[39m           left[33m=[39m{(props) [33m=>[39m 
[33m<[39m[33mList[39m[33m.[39m[33mIcon[39m {[33m...[39mprops} 
icon[33m=[39m[32m"share-variant"[39m [33m/[39m[33m>[39m}
     [90m 106 |[39m           onPress[33m=[39m{onShare}[0m

      at Item (src/components/profile/ProfileMoreMenu.tsx:103:15)
      at Object.react-stack-bottom-frame (../../node_modules/.pnpm/react-test-r
enderer@19.0.0_react@19.1.0/node_modules/react-test-renderer/cjs/react-test-ren
derer.development.js:12679:20)
      at renderWithHooks (../../node_modules/.pnpm/react-test-renderer@19.0.0_r
eact@19.1.0/node_modules/react-test-renderer/cjs/react-test-renderer.developmen
t.js:3622:25)
      at updateFunctionComponent (../../node_modules/.pnpm/react-test-renderer@
19.0.0_react@19.1.0/node_modules/react-test-renderer/cjs/react-test-renderer.de
velopment.js:5635:19)
      at beginWork (../../node_modules/.pnpm/react-test-renderer@19.0.0_react@1
9.1.0/node_modules/react-test-renderer/cjs/react-test-renderer.development.js:7
086:18)
      at runWithFiberInDEV (../../node_modules/.pnpm/react-test-renderer@19.0.0
_react@19.1.0/node_modules/react-test-renderer/cjs/react-test-renderer.developm
ent.js:540:16)
      at performUnitOfWork (../../node_modules/.pnpm/react-test-renderer@19.0.0
_react@19.1.0/node_modules/react-test-renderer/cjs/react-test-renderer.developm
ent.js:10925:22)
      at workLoopSync (../../node_modules/.pnpm/react-test-renderer@19.0.0_reac
t@19.1.0/node_modules/react-test-renderer/cjs/react-test-renderer.development.j
s:10763:41)
      at renderRootSync (../../node_modules/.pnpm/react-test-renderer@19.0.0_re
act@19.1.0/node_modules/react-test-renderer/cjs/react-test-renderer.development
.js:10744:11)
      at performWorkOnRoot (../../node_modules/.pnpm/react-test-renderer@19.0.0
_react@19.1.0/node_modules/react-test-renderer/cjs/react-test-renderer.developm
ent.js:10299:39)
      at performWorkOnRootViaSchedulerTask (../../node_modules/.pnpm/react-test
-renderer@19.0.0_react@19.1.0/node_modules/react-test-renderer/cjs/react-test-r
enderer.development.js:1879:7)
      at flushActQueue (../../node_modules/.pnpm/react@19.1.0/node_modules/reac
t/cjs/react.development.js:566:34)
      at Object.<anonymous>.process.env.NODE_ENV.exports.act (../../node_module
s/.pnpm/react@19.1.0/node_modules/react/cjs/react.development.js:859:10)
      at actImplementation (../../node_modules/.pnpm/@testing-library+react-nat
i_f31f8682c0caf535b1bcee38b15061fa/node_modules/@testing-library/react-native/s
rc/act.ts:30:25)
      at renderWithAct (../../node_modules/.pnpm/@testing-library+react-nati_f3
1f8682c0caf535b1bcee38b15061fa/node_modules/@testing-library/react-native/src/r
ender-act.ts:12:11)
      at renderInternal (../../node_modules/.pnpm/@testing-library+react-nati_f
31f8682c0caf535b1bcee38b15061fa/node_modules/@testing-library/react-native/src/
render.tsx:81:33)
      at renderInternal (../../node_modules/.pnpm/@testing-library+react-nati_f
31f8682c0caf535b1bcee38b15061fa/node_modules/@testing-library/react-native/src/
render.tsx:44:10)
      at Object.<anonymous> 
(src/screens/app/__tests__/PublicProfileScreen.test.tsx:147:33)

---------------------------------|---------|----------|---------|---------|------------------------------------------
File                             | % Stmts | % Branch | % Funcs | % Lines | Uncovered Line #s                        
---------------------------------|---------|----------|---------|---------|------------------------------------------
All files                        |    1.85 |     0.87 |    1.09 |    1.95 |                                          
 components                      |       0 |        0 |       0 |       0 |                                          
  CategoryChips.tsx              |       0 |        0 |       0 |       0 | 13-33                                    
  CategorySubcategoryPicker.tsx  |       0 |        0 |       0 |       0 | 22-174                                   
  EstadoSelect.tsx               |       0 |        0 |       0 |       0 | 13-44                                    
  FiltersModal.tsx               |       0 |        0 |       0 |       0 | 30-166                                   
  MediaChips.tsx                 |       0 |        0 |       0 |       0 | 59-98                                    
  MediaOptionsMenu.tsx           |       0 |      100 |       0 |       0 | 53-140                                   
  MediaPreviewOverlay.styles.ts  |       0 |      100 |     100 |       0 | 12-32                                    
  MediaPreviewOverlay.tsx        |       0 |        0 |       0 |       0 | 33-39                                    
  SuggestionsCard.tsx            |       0 |        0 |       0 |       0 | 14-57                                    
 components/achievements         |       0 |        0 |       0 |       0 |                                          
  AchievementCard.tsx            |       0 |        0 |       0 |       0 | 13-42                                    
  AchievementDetailModal.tsx     |       0 |        0 |       0 |       0 | 13-54                                    
  AchievementGrid.tsx            |       0 |        0 |       0 |       0 | 13-33                                    
  AchievementsSummary.tsx        |       0 |        0 |       0 |       0 | 13-38                                    
 components/activity             |       0 |        0 |       0 |       0 |                                          
  ActivityCard.tsx               |       0 |        0 |       0 |       0 | 11-86                                    
 components/common               |    3.33 |      5.4 |    4.54 |    3.38 |                                          
  Button.tsx                     |       0 |        0 |       0 |       0 | 20-65                                    
  EmptyState.tsx                 |       0 |        0 |       0 |       0 | 18-57                                    
  GlobalDialog.tsx               |       0 |        0 |       0 |       0 | 11-46                                    
  Input.tsx                      |       0 |        0 |       0 |       0 | 13-57                                    
  LoadingScreen.tsx              |       0 |        0 |       0 |       0 | 9-23                                     
  MediaPreview.tsx               |       0 |        0 |       0 |       0 | 38-102                                   
  OptimizedImage.tsx             |     100 |    57.14 |     100 |     100 | 26-28                                    
  SafeContainer.tsx              |       0 |        0 |       0 |       0 | 12-26                                    
  VideoPlayer.tsx                |       0 |      100 |       0 |       0 | 39-71                                    
 components/form                 |       0 |        0 |       0 |       0 |                                          
  CategoryFields.tsx             |       0 |        0 |       0 |       0 | 17-44                                    
  DropdownPicker.tsx             |       0 |        0 |       0 |       0 | 31-132                                   
  LocationFields.tsx             |       0 |        0 |       0 |       0 | 22-71                                    
 components/offers               |       0 |        0 |       0 |       0 |                                          
  MediaProgressIndicator.tsx     |       0 |        0 |       0 |       0 | 31-83                                    
  OfferCard.tsx                  |       0 |        0 |       0 |       0 | 44-247                                   
  OfferDetails.tsx               |       0 |        0 |       0 |       0 | 24-136                                   
  OfferMedia.tsx                 |       0 |        0 |       0 |       0 | 10-348                                   
  OfferSwipeCard.tsx             |       0 |        0 |       0 |       0 | 24-234                                   
  OfferSwipeCardSkeleton.tsx     |       0 |        0 |       0 |       0 | 13-84                                    
  SwipeLikeOverlay.tsx           |       0 |        0 |       0 |       0 | 27-48                                    
  SwipeNopeOverlay.tsx           |       0 |        0 |       0 |       0 | 32-51                                    
  SwipeSkipOverlay.tsx           |       0 |        0 |       0 |       0 | 27-48                                    
 components/profile              |   18.18 |    15.53 |    7.93 |   18.78 |                                          
  AchievementCard.tsx            |       0 |        0 |       0 |       0 | 13-43                                    
  AchievementDetailModal.tsx     |       0 |        0 |       0 |       0 | 14-95                                    
  AchievementGrid.tsx            |       0 |      100 |       0 |       0 | 12-31                                    
  AchievementsCarousel.tsx       |       0 |        0 |       0 |       0 | 16-47                                    
  AchievementsSummary.tsx        |       0 |      100 |       0 |       0 | 15-37                                    
  AvatarEditor.tsx               |       0 |        0 |       0 |       0 | 15-135                                   
  InterestChips.tsx              |       0 |        0 |       0 |       0 | 10-29                                    
  Kpi.tsx                        |     100 |      100 |     100 |     100 |                                          
  ProfileCompletionChecklist.tsx |       0 |        0 |       0 |       0 | 31-134                                   
  ProfileHeader.tsx              |   61.53 |    44.44 |   33.33 |      60 | 71,83-186                                
  ProfileMoreMenu.tsx            |   22.22 |        0 |    6.66 |   22.22 | 30,34-45,50-57,62-72,77-87,92-96,105-152 
  ProfileTabs.tsx                |       0 |      100 |       0 |       0 | 8-27                                     
  TrustFooter.tsx                |   21.42 |        0 |       0 |   23.07 | 32-55,63-110                             
 components/profile/highlights   |       0 |        0 |       0 |       0 |                                          
  BadgeCarousel.tsx              |       0 |        0 |       0 |       0 | 11-121                                   
  InterestChips.tsx              |       0 |        0 |       0 |       0 | 12-37                                    
  ProfileHighlights.tsx          |       0 |        0 |       0 |       0 | 14-19                                    
  types.ts                       |       0 |        0 |       0 |       0 |                                          
 components/profile/skeletons    |       0 |        0 |       0 |       0 |                                          
  ActivityTabSkeleton.tsx        |       0 |        0 |       0 |       0 | 10-30                                    
  ProfileHeaderSkeleton.tsx      |       0 |      100 |       0 |       0 | 10-80                                    
  ReviewsTabSkeleton.tsx         |       0 |      100 |       0 |       0 | 10-65                                    
  SkeletonPrimitives.tsx         |       0 |        0 |       0 |       0 | 6-99                                     
 components/reviews              |       0 |        0 |       0 |       0 |                                          
  ReviewCard.tsx                 |       0 |        0 |       0 |       0 | 9-59                                     
  ReviewsFilters.tsx             |       0 |        0 |       0 |       0 | 18-52                                    
  ReviewsSummary.tsx             |       0 |        0 |       0 |       0 | 10-50                                    
 constants                       |   28.12 |     12.5 |      10 |   30.76 |                                          
  brazilStates.ts                |       0 |      100 |     100 |       0 | 9                                        
  categories.ts                  |       0 |        0 |       0 |       0 | 21-225                                   
  config.ts                      |   69.23 |    16.66 |     100 |   72.72 | 301-303                                  
  index.ts                       |       0 |        0 |       0 |       0 |                                          
  messages.ts                    |       0 |      100 |     100 |       0 | 1                                        
  oferta.ts                      |       0 |      100 |     100 |       0 | 1-16                                     
  translations.ts                |       0 |      100 |     100 |       0 | 5                                        
 context                         |       0 |        0 |       0 |       0 |                                          
  AuthContext.tsx                |       0 |        0 |       0 |       0 | 8-157                                    
  ProfilePreviewContext.tsx      |       0 |        0 |       0 |       0 | 24-190                                   
  SwiperIndexContext.tsx         |       0 |      100 |       0 |       0 | 3-17                                     
 hooks                           |       0 |        0 |       0 |       0 |                                          
  useAuth.ts                     |       0 |        0 |       0 |       0 | 5-12                                     
  useChecklistNavigation.ts      |       0 |        0 |       0 |       0 | 31-67                                    
  useForm.ts                     |       0 |      100 |       0 |       0 | 9-13                                     
  useMediaPicker.ts              |       0 |        0 |       0 |       0 | 57-205                                   
  useOfertaOptions.ts            |       0 |        0 |       0 |       0 | 12-31                                    
  useOfertaSwipe.ts              |       0 |        0 |       0 |       0 | 13-440                                   
  useProfileAvatar.ts            |       0 |        0 |       0 |       0 | 23-82                                    
  useToast.ts                    |       0 |        0 |       0 |       0 | 10-39                                    
  useUserActivity.ts             |       0 |        0 |       0 |       0 | 36-206                                   
 mocks                           |       0 |        0 |       0 |       0 |                                          
  achievements.mock.ts           |       0 |      100 |     100 |       0 | 3                                        
  reviewsMock.ts                 |       0 |        0 |       0 |       0 | 4-34                                     
 navigation                      |       0 |        0 |       0 |       0 |                                          
  AuthNavigator.tsx              |       0 |      100 |       0 |       0 | 16-26                                    
  MainTabNavigator.tsx           |       0 |        0 |       0 |       0 | 19-119                                   
  ProfileNavigator.tsx           |       0 |      100 |       0 |       0 | 12-21                                    
  RootNavigation.ts              |       0 |        0 |       0 |       0 | 4-19                                     
  RootNavigator.tsx              |       0 |        0 |       0 |       0 | 11-20                                    
 navigation/guards               |       0 |        0 |       0 |       0 |                                          
  RequireAuth.tsx                |       0 |        0 |       0 |       0 | 13-29                                    
 screens                         |       0 |      100 |       0 |       0 |                                          
  LoadingScreen.tsx              |       0 |      100 |       0 |       0 | 6-15                                     
  NotFoundScreen.tsx             |       0 |      100 |       0 |       0 | 16-36                                    
  ProfileScreen.tsx              |       0 |      100 |       0 |       0 | 14-58                                    
 screens/app                     |    1.33 |     0.21 |    1.02 |    1.31 |                                          
  AgendaScreen.tsx               |       0 |      100 |       0 |       0 | 33-67                                    
  BuscarOfertasScreen.tsx        |       0 |        0 |       0 |       0 | 25-940                                   
  ChatScreen.tsx                 |       0 |      100 |       0 |       0 | 33-46                                    
  CommunityScreen.tsx            |       0 |      100 |       0 |       0 | 31-44                                    
  CriarOfertaScreen.tsx          |       0 |        0 |       0 |       0 | 52-405                                   
  EditarOfertaScreen.tsx         |       0 |        0 |       0 |       0 | 58-467                                   
  NotificationsScreen.tsx        |       0 |      100 |       0 |       0 | 6-15                                     
  OfertaDetalheScreen.tsx        |       0 |        0 |       0 |       0 | 28-204                                   
  ProfileScreen.tsx              |       0 |      100 |       0 |       0 | 7-27                                     
  PublicProfileScreen.tsx        |      45 |    16.66 |   33.33 |    42.1 | 36-53,70-77                              
  SettingsScreen.tsx             |       0 |      100 |       0 |       0 | 6-15                                     
  SwipeOfertasScreen.tsx         |       0 |        0 |       0 |       0 | 25-298                                   
 screens/auth                    |       0 |        0 |       0 |       0 |                                          
  ForgotPasswordScreen.tsx       |       0 |        0 |       0 |       0 | 22-93                                    
  LoginScreen.tsx                |       0 |        0 |       0 |       0 | 12-103                                   
  RegisterScreen.tsx             |       0 |        0 |       0 |       0 | 44-485                                   
  ResetPasswordScreen.tsx        |       0 |        0 |       0 |       0 | 19-175                                   
 screens/profile                 |       0 |        0 |       0 |       0 |                                          
  ChangePasswordScreen.tsx       |       0 |        0 |       0 |       0 | 14-114                                   
  EditProfileCompanyScreen.tsx   |       0 |        0 |       0 |       0 | 14-136                                   
  EditProfileDocumentScreen.tsx  |       0 |        0 |       0 |       0 | 25-145                                   
  EditProfileScreen.tsx          |       0 |        0 |       0 |       0 | 25-309                                   
  GuestProfileView.tsx           |       0 |      100 |       0 |       0 | 15-62                                    
  Notifications.tsx              |       0 |      100 |       0 |       0 | 5-14                                     
  ProfileHome.tsx                |       0 |        0 |       0 |       0 | 22-58                                    
  ProfileTabs.tsx                |       0 |        0 |       0 |       0 | 34-110                                   
  PublicProfileView.tsx          |       0 |        0 |       0 |       0 | 29-117                                   
  Settings.tsx                   |       0 |        0 |       0 |       0 | 7-40                                     
  UserProfileView.tsx            |       0 |        0 |       0 |       0 | 40-135                                   
 screens/profile/tabs            |       0 |        0 |       0 |       0 |                                          
  AboutTab.tsx                   |       0 |        0 |       0 |       0 | 8-82                                     
  AchievementsTab.tsx            |       0 |        0 |       0 |       0 | 11-83                                    
  ActivityTab.tsx                |       0 |        0 |       0 |       0 | 18-107                                   
  ReviewsTab.tsx                 |       0 |        0 |       0 |       0 | 13-124                                   
 services                        |       0 |        0 |       0 |       0 |                                          
  AnalyticsService.ts            |       0 |        0 |       0 |       0 | 11-34                                    
  api.ts                         |       0 |        0 |       0 |       0 | 18-262                                   
  authService.ts                 |       0 |        0 |       0 |       0 | 27-167                                   
  interactionService.ts          |       0 |      100 |       0 |       0 | 19-50                                    
  mediaPickerService.ts          |       0 |        0 |       0 |       0 | 46-425                                   
  ofertaService.ts               |       0 |        0 |       0 |       0 | 51-255                                   
  profileService.ts              |       0 |        0 |       0 |       0 | 38-308                                   
  uploadService.ts               |       0 |        0 |       0 |       0 | 59-296                                   
 state/session                   |       0 |      100 |       0 |       0 |                                          
  sessionStore.ts                |       0 |      100 |       0 |       0 | 4-14                                     
 styles                          |     100 |       50 |     100 |     100 |                                          
  theme.ts                       |     100 |       50 |     100 |     100 | 9                                        
 types                           |       0 |        0 |       0 |       0 |                                          
  achievements.ts                |       0 |        0 |       0 |       0 |                                          
  api.ts                         |       0 |        0 |       0 |       0 |                                          
  expo-constants.d.ts            |       0 |        0 |       0 |       0 |                                          
  expo-secure-store.d.ts         |       0 |        0 |       0 |       0 |                                          
  index.ts                       |       0 |        0 |       0 |       0 |                                          
  media.ts                       |       0 |        0 |       0 |       0 |                                          
  navigation.ts                  |       0 |        0 |       0 |       0 |                                          
  oferta.ts                      |       0 |        0 |       0 |       0 |                                          
  profilePreview.ts              |       0 |        0 |       0 |       0 | 28-47                                    
  reviews.ts                     |       0 |        0 |       0 |       0 |                                          
  user.ts                        |       0 |        0 |       0 |       0 |                                          
 utils                           |    1.93 |        0 |       0 |    2.18 |                                          
  alert.ts                       |   11.53 |        0 |       0 |    12.5 | 31-51,70-86,106-122                      
  analytics.ts                   |       0 |        0 |       0 |       0 | 17-42                                    
  api.ts                         |       0 |        0 |       0 |       0 | 16-38                                    
  cpf.ts                         |       0 |        0 |       0 |       0 | 6-37                                     
  currency.ts                    |       0 |        0 |       0 |       0 | 4-39                                     
  dialogState.ts                 |   16.66 |        0 |       0 |   17.64 | 35-74                                    
  filtersValidation.ts           |       0 |        0 |       0 |       0 | 1-17                                     
  formatters.ts                  |    12.5 |        0 |       0 |   16.66 | 9-19                                     
  haptics.ts                     |       0 |        0 |       0 |       0 | 11-12                                    
  helpers.ts                     |       0 |        0 |       0 |       0 | 5-84                                     
  mediaPickHandlers.ts           |       0 |        0 |       0 |       0 | 47-71                                    
  mediaUrl.ts                    |       0 |        0 |       0 |       0 | 21-60                                    
  phoneFormatter.ts              |       0 |        0 |       0 |       0 | 29-141                                   
  reviews.ts                     |       0 |        0 |       0 |       0 | 4-52                                     
  sentry.ts                      |       0 |        0 |       0 |       0 | 8-90                                     
  storage.ts                     |       0 |        0 |       0 |       0 | 12-97                                    
  validation.ts                  |       0 |        0 |       0 |       0 | 22-220                                   
 utils/profile                   |       0 |        0 |       0 |       0 |                                          
  calculateProfileCompletion.ts  |       0 |        0 |       0 |       0 | 10-14                                    
  getProfileChecklistItems.ts    |       0 |        0 |       0 |       0 | 33-75                                    
---------------------------------|---------|----------|---------|---------|------------------------------------------
Test Suites: 1 failed, 1 total
Tests:       4 failed, 4 total
Snapshots:   0 total
Time:        6.342 s
Ran all test suites matching /PublicProfileScreen.test.tsx/i.
C:\Users\maidn\WebstormProjects\app-lite-v2\packages\mobile:
 ERR_PNPM_RECURSIVE_RUN_FIRST_FAIL  super-app-mobile@1.0.0 test: `jest --config ./jest.config.js --coverage "PublicProfileScreen.test.tsx"`
Exit status 1
